;REFERENCE TABLE FOR OM5027 TEMPERATURE CONVERSION

temptbl:
        db      80h+15         ;30     (-15)
        db      80h+15         ;31     (-15)
        db      80h+15         ;32     (-15)
        db      80h+14         ;33     (-14)
        db      80h+13         ;34     (-13)
        db      80h+13         ;35     (-13)
        db      80h+12         ;36     (-12)
        db      80h+12         ;37     (-12)
        db      80h+11         ;38     (-11)
        db      80h+11         ;39     (-11)
        db      80h+10         ;40     (-10)
        db      80h+9          ;41     (-9)
        db      80h+9          ;42     (-9)
        db      80h+8          ;43     (-8)
        db      80h+8          ;44     (-8)
        db      80h+7          ;45     (-7)
        db      80h+7          ;46     (-7)
        db      80h+6          ;47     (-6)
        db      80h+6          ;48     (-6)
        db      80h+5          ;49     (-5)
        db      80h+5          ;50     (-5)
        db      80h+4          ;51     (-4)
        db      80h+4          ;52     (-4)
        db      80h+3          ;53     (-3)
        db      80h+3          ;54     (-3)
        db      80h+2          ;55     (-2)
        db      80h+2          ;56     (-2)
        db      80h+1          ;57     (-1)
        db      80h+1          ;58     (-1)
        db      0              ;59
        db      0              ;60
        db      0              ;61
        db      1              ;62
        db      1              ;63
        db      2              ;64
        db      2              ;65
        db      2              ;66
        db      3              ;67
        db      3              ;68
        db      4              ;69
        db      4              ;70
        db      4              ;71
        db      5              ;72
        db      5              ;73
        db      6              ;74
        db      6              ;75
        db      6              ;76
        db      7              ;77
        db      7              ;78
        db      8              ;79
        db      8              ;80
        db      8              ;81
        db      9              ;82
        db      9              ;83
        db      9              ;84
        db      10             ;85
        db      10             ;86
        db      10             ;87
        db      11             ;88
        db      11             ;89
        db      12             ;90
        db      12             ;91
        db      12             ;92
        db      13             ;93
        db      13             ;94
        db      13             ;95
        db      14             ;96
        db      14             ;97
        db      14             ;98
        db      15             ;99
        db      15             ;100
        db      16             ;101
        db      16             ;102
        db      16             ;103
        db      16             ;104
        db      17             ;105
        db      17             ;106
        db      18             ;107
        db      18             ;108
        db      18             ;109
        db      19             ;110
        db      19             ;111
        db      19             ;112
        db      20             ;113
        db      20             ;114
        db      20             ;115
        db      21             ;116
        db      21             ;117
        db      21             ;118
        db      22             ;119
        db      22             ;120
        db      23             ;121
        db      23             ;122
        db      23             ;123
        db      24             ;124
        db      24             ;125
        db      24             ;126
        db      25             ;127
        db      25             ;128
        db      25             ;129
        db      26             ;130
        db      26             ;131
        db      26             ;132
        db      27             ;133
        db      27             ;134
        db      28             ;135
        db      28             ;136
        db      28             ;137
        db      29             ;138
        db      29             ;139
        db      29             ;140
        db      30             ;141
        db      30             ;142
        db      30             ;143
        db      31             ;144
        db      31             ;145
        db      32             ;146
        db      32             ;147
        db      32             ;148
        db      33             ;149
        db      33             ;150
        db      34             ;151
        db      34             ;152
        db      34             ;153
        db      35             ;154
        db      35             ;155
        db      35             ;156
        db      36             ;157
        db      36             ;158
        db      37             ;159
        db      37             ;160
        db      38             ;161
        db      38             ;162
        db      38             ;163
        db      39             ;164
        db      39             ;165
        db      40             ;166
        db      40             ;167
        db      41             ;168
        db      41             ;169
        db      42             ;170
        db      42             ;171
        db      43             ;172
        db      43             ;173
        db      43             ;174
        db      44             ;175
        db      44             ;176
        db      45             ;177
        db      45             ;178
        db      46             ;179
        db      46             ;180
        db      47             ;181
        db      47             ;182
        db      48             ;183
        db      48             ;184
        db      49             ;185
        db      49             ;186
        db      50             ;187
        db      50             ;188
        db      50             ;189
