
Hexadecimal

Area                               Addr   Size   Decimal Bytes (Attributes)
--------------------------------   ----   ----   ------- ----- ------------
.  .ABS.                           0000   0000 =      0. bytes (ABS,OVR)

      Value  Global
   --------  --------------------------------
     0000    $
     0000    l_DSEG
     0000    l_ISEG
     0000    l_REG_BANK_1
     0000    l_REG_BANK_2
     0000    l__CODE
     0000    s_BSEG
     0000    s_REG_BANK_0
     0000    s__CODE
     0001    l_BSEG_BYTES
     0001    l_SSEG
     0003    l_BSEG
     0008    l_REG_BANK_0
     0008    l_REG_BANK_3
     0008    s_REG_BANK_1
     0010    s_REG_BANK_2
     0018    l_ROMSEG
     0018    s_REG_BANK_3
     001B    l_XSEG
     0020    s_BSEG_BYTES
     0021    s_SSEG
     0022    s_DSEG
     0068    s_ROMSEG
     0080    s_ISEG
     00D8    l_CSEG
     140000    s_XSEG
     490000    s_CSEG

Hexadecimal

Area                               Addr   Size   Decimal Bytes (Attributes)
--------------------------------   ----   ----   ------- ----- ------------
_CODE                              0000   0000 =      0. bytes (REL,CON)

Hexadecimal

Area                               Addr   Size   Decimal Bytes (Attributes)
--------------------------------   ----   ----   ------- ----- ------------
REG_BANK_0                         0000   0008 =      8. bytes (REL,OVR)

Hexadecimal

Area                               Addr   Size   Decimal Bytes (Attributes)
--------------------------------   ----   ----   ------- ----- ------------
REG_BANK_1                         0008   0000 =      0. bytes (REL,OVR)

Hexadecimal

Area                               Addr   Size   Decimal Bytes (Attributes)
--------------------------------   ----   ----   ------- ----- ------------
REG_BANK_2                         0010   0000 =      0. bytes (REL,OVR)

Hexadecimal

Area                               Addr   Size   Decimal Bytes (Attributes)
--------------------------------   ----   ----   ------- ----- ------------
REG_BANK_3                         0018   0008 =      8. bytes (REL,OVR)

Hexadecimal

Area                               Addr   Size   Decimal Bits  (Attributes)
--------------------------------   ----   ----   ------- ----- ------------
BSEG                               0000   0003 =      3. bits  (REL,CON,BIT)

Hexadecimal

Area                               Addr   Size   Decimal Bytes (Attributes)
--------------------------------   ----   ----   ------- ----- ------------
BSEG_BYTES                         0020   0001 =      1. bytes (REL,CON)

Hexadecimal

Area                               Addr   Size   Decimal Bytes (Attributes)
--------------------------------   ----   ----   ------- ----- ------------
SSEG                               0021   0001 =      1. bytes (REL,CON)

Hexadecimal

Area                               Addr   Size   Decimal Bytes (Attributes)
--------------------------------   ----   ----   ------- ----- ------------
XSEG                               140000   001B =     27. bytes (REL,CON,XDATA)

Hexadecimal

Area                               Addr   Size   Decimal Bytes (Attributes)
--------------------------------   ----   ----   ------- ----- ------------
ROMSEG                             0068   0018 =     24. bytes (ABS,OVR)

Hexadecimal

Area                               Addr   Size   Decimal Bytes (Attributes)
--------------------------------   ----   ----   ------- ----- ------------
CSEG                               490000   00D8 =    216. bytes (REL,CON,CODE)

Hexadecimal

Area                               Addr   Size   Decimal Bytes (Attributes)
--------------------------------   ----   ----   ------- ----- ------------
DSEG                               0022   0000 =      0. bytes (REL,CON)

Hexadecimal

Area                               Addr   Size   Decimal Bytes (Attributes)
--------------------------------   ----   ----   ------- ----- ------------
ISEG                               0080   0000 =      0. bytes (REL,CON)
ASxxxx Linker V01.70 + NoICE + SDCC Feb 1999,  page 1.

Fi